// Jest Snapshot v1, https://goo.gl/fbAQLP

exports[`bundlesize Node API Works when files dont exist, shows warning 1`] = `
Object {
  "fullResults": Array [
    Object {
      "error": "There is no matching file for ./__testdata__/test-file-doesnt-exist.jpg in /code/bundlesize/bundlesize",
      "filePath": "./__testdata__/test-file-doesnt-exist.jpg",
      "isFail": false,
    },
  ],
  "isFail": false,
  "url": "https://service.bundlesize.io/results?d=%7B%22isFail%22%3Afalse%2C%22fullResults%22%3A%5B%7B%22filePath%22%3A%22.%2F__testdata__%2Ftest-file-doesnt-exist.jpg%22%2C%22error%22%3A%22There%20is%20no%20matching%20file%20for%20.%2F__testdata__%2Ftest-file-doesnt-exist.jpg%20in%20%2Fcode%2Fbundlesize%2Fbundlesize%22%2C%22isFail%22%3Afalse%7D%5D%7D",
}
`;

exports[`bundlesize Node API Works with CI environment 1`] = `
Object {
  "fullResults": Array [
    Object {
      "baseBranchSize": 25000,
      "filePath": "./__testdata__/test-file-1.jpg",
      "isFail": false,
      "isNew": false,
      "isRemoved": false,
      "maxSize": 1048576,
      "message": "./__testdata__/test-file-1.jpg: 30.71KB < maxSize 1MB (6.3KB larger than mockBranchBase) (gzip)",
      "size": 31448,
    },
    Object {
      "baseBranchSize": 0,
      "filePath": "./__testdata__/test-file-2.jpg",
      "isFail": false,
      "isNew": true,
      "isRemoved": false,
      "maxSize": 1048576,
      "message": "./__testdata__/test-file-2.jpg: 198.6KB < maxSize 1MB (gzip)",
      "size": 203368,
    },
    Object {
      "baseBranchSize": 10000,
      "filePath": "./__testdata__/test-file-deleted.jpg",
      "isFail": false,
      "isNew": false,
      "isRemoved": true,
      "maxSize": 0,
      "message": "./__testdata__/test-file-deleted.jpg: File removed (9.77KB smaller than mockBranchBase) (gzip)",
      "size": 0,
    },
  ],
  "isFail": false,
  "url": "https://service.bundlesize.io/results?d=%7B%22isFail%22%3Afalse%2C%22fullResults%22%3A%5B%7B%22filePath%22%3A%22.%2F__testdata__%2Ftest-file-1.jpg%22%2C%22message%22%3A%22.%2F__testdata__%2Ftest-file-1.jpg%3A%2030.71KB%20%3C%20maxSize%201MB%20(6.3KB%20larger%20than%20mockBranchBase)%20(gzip)%22%2C%22isNew%22%3Afalse%2C%22isRemoved%22%3Afalse%2C%22isFail%22%3Afalse%2C%22size%22%3A31448%2C%22baseBranchSize%22%3A25000%2C%22maxSize%22%3A1048576%7D%2C%7B%22filePath%22%3A%22.%2F__testdata__%2Ftest-file-2.jpg%22%2C%22message%22%3A%22.%2F__testdata__%2Ftest-file-2.jpg%3A%20198.6KB%20%3C%20maxSize%201MB%20(gzip)%22%2C%22isNew%22%3Atrue%2C%22isRemoved%22%3Afalse%2C%22isFail%22%3Afalse%2C%22size%22%3A203368%2C%22baseBranchSize%22%3A0%2C%22maxSize%22%3A1048576%7D%2C%7B%22filePath%22%3A%22.%2F__testdata__%2Ftest-file-deleted.jpg%22%2C%22message%22%3A%22.%2F__testdata__%2Ftest-file-deleted.jpg%3A%20File%20removed%20(9.77KB%20smaller%20than%20mockBranchBase)%20(gzip)%22%2C%22isNew%22%3Afalse%2C%22isRemoved%22%3Atrue%2C%22isFail%22%3Afalse%2C%22size%22%3A0%2C%22baseBranchSize%22%3A10000%2C%22maxSize%22%3A0%7D%5D%7D",
}
`;

exports[`bundlesize Node API Works with basic options 1`] = `
Object {
  "fullResults": Array [
    Object {
      "baseBranchSize": 0,
      "filePath": "./__testdata__/test-file-1.jpg",
      "isFail": false,
      "isNew": true,
      "isRemoved": false,
      "maxSize": 102400,
      "message": "./__testdata__/test-file-1.jpg: 68.5KB < maxSize 100KB (no compression)",
      "size": 70145,
    },
    Object {
      "baseBranchSize": 0,
      "filePath": "./__testdata__/test-file-2.jpg",
      "isFail": true,
      "isNew": true,
      "isRemoved": false,
      "maxSize": 102400,
      "message": "./__testdata__/test-file-2.jpg: 448.14KB > maxSize 100KB (no compression)",
      "size": 458900,
    },
  ],
  "isFail": true,
  "url": "https://service.bundlesize.io/results?d=%7B%22isFail%22%3Atrue%2C%22fullResults%22%3A%5B%7B%22filePath%22%3A%22.%2F__testdata__%2Ftest-file-1.jpg%22%2C%22message%22%3A%22.%2F__testdata__%2Ftest-file-1.jpg%3A%2068.5KB%20%3C%20maxSize%20100KB%20(no%20compression)%22%2C%22isNew%22%3Atrue%2C%22isRemoved%22%3Afalse%2C%22isFail%22%3Afalse%2C%22size%22%3A70145%2C%22baseBranchSize%22%3A0%2C%22maxSize%22%3A102400%7D%2C%7B%22filePath%22%3A%22.%2F__testdata__%2Ftest-file-2.jpg%22%2C%22message%22%3A%22.%2F__testdata__%2Ftest-file-2.jpg%3A%20448.14KB%20%3E%20maxSize%20100KB%20(no%20compression)%22%2C%22isNew%22%3Atrue%2C%22isRemoved%22%3Afalse%2C%22isFail%22%3Atrue%2C%22size%22%3A458900%2C%22baseBranchSize%22%3A0%2C%22maxSize%22%3A102400%7D%5D%7D",
}
`;
